dump_version: 1
profile:
  name: core-spec-audit
  machine: <agent-core>/testdata/integration/profiles/audit/machine.yaml
  tools:
    - <agent-core>/testdata/integration/profiles/audit/tools.yaml
  tool_declarations:
    - <agent-core>/tools/builtin/load-corpus.yaml
    - <agent-core>/tools/builtin/validate-specs.yaml
    - <agent-core>/tools/builtin/format-report.yaml
    - <agent-core>/tools/builtin/spec-validation/reduce-grep-checks.yaml
    - <agent-core>/tools/builtin/spec-validation/test-evidence.yaml
    - <agent-core>/testdata/integration/profiles/audit/ripgrep.yaml
machine:
  name: core-spec-audit
  purpose: Validate Agent Core specifications without a catalog checkout.
  initial_state: Idle
  states:
    - name: Idle
      meaning: Initial state.
    - name: Loading
      meaning: Loading the specification corpus.
    - name: Validating
      meaning: Validating references and structure.
    - name: Searching
      meaning: Running declared grep checks.
    - name: Reducing
      meaning: Reducing grep evidence.
    - name: Reporting
      meaning: Formatting findings.
    - name: Passed
      meaning: Terminal success.
      run_status: succeeded
    - name: Failed
      meaning: Terminal failure.
      run_status: failed
  terminal_states:
    - Passed
    - Failed
  signals:
    - name: Seed
      trigger: Loop initialization.
    - name: ToolDone
      trigger: Tool succeeded.
    - name: ToolFailed
      trigger: Tool found failures.
    - name: CommandError
      trigger: Infrastructure failed.
    - name: ValidationPassed
      trigger: Validation passed.
    - name: ValidationFailed
      trigger: Validation found errors.
    - name: GrepSearched
      trigger: Grep checks completed.
  transitions:
    - state: Idle
      signal: Seed
      next: Loading
      action: load_corpus
      label: loaded_corpus
    - state: Loading
      signal: ToolDone
      next: Validating
      action: validate_specs
    - state: Loading
      signal: CommandError
      next: Failed
    - state: Validating
      signal: ValidationPassed
      next: Searching
      action: jurist_rg
      label: grep_result
      for_each:
        items: $from(loaded_corpus).grep_checks
        as: grep_check
        mode: sequential
        failure: collect_all
        continue_on:
          - ToolDone
          - ToolFailed
        abort_on:
          - CommandError
        join:
          next: Searching
          signals:
            all_success: GrepSearched
            partial: CommandError
            failed: CommandError
            empty: GrepSearched
          label: grep_results
    - state: Validating
      signal: ValidationFailed
      next: Searching
      action: jurist_rg
      label: grep_result
      for_each:
        items: $from(loaded_corpus).grep_checks
        as: grep_check
        mode: sequential
        failure: collect_all
        continue_on:
          - ToolDone
          - ToolFailed
        abort_on:
          - CommandError
        join:
          next: Searching
          signals:
            all_success: GrepSearched
            partial: CommandError
            failed: CommandError
            empty: GrepSearched
          label: grep_results
    - state: Validating
      signal: CommandError
      next: Failed
    - state: Searching
      signal: GrepSearched
      next: Reducing
      action: reduce_grep_checks
    - state: Searching
      signal: CommandError
      next: Failed
    - state: Reducing
      signal: ValidationPassed
      next: Reporting
      action: format_report
    - state: Reducing
      signal: ValidationFailed
      next: Reporting
      action: format_report
    - state: Reducing
      signal: CommandError
      next: Failed
    - state: Reporting
      signal: ToolDone
      next: Passed
    - state: Reporting
      signal: ToolFailed
      next: Failed
    - state: Reporting
      signal: CommandError
      next: Failed
  budget:
    max_iterations: 100
    command_timeout: 15m
types:
  - ref: builtin-types-core.AnyValue
    description: Any JSON value accepted by the schema configured on the word.
    schema:
      description: The runtime value is any JSON value accepted by the configured schema.
  - ref: builtin-types-core.CommandSummary
    description: The message and outcome signal a command word publishes.
    schema:
      properties:
        message:
          type: string
        signal:
          type: string
      required:
        - message
      type: object
  - ref: builtin-types-core.ExecResult
    description: The exit status and captured output of one child process an exec word ran.
    schema:
      properties:
        exit_code:
          type: integer
        output:
          type: string
      required:
        - exit_code
        - output
      type: object
  - ref: builtin-types-core.NoParameters
    description: The empty parameter object of a word whose input arrives through config selectors.
    schema:
      properties: {}
      type: object
  - ref: builtin-types-core.Text
    description: Plain text a word publishes as its whole result.
    schema:
      type: string
  - ref: builtin-types-spec-validation.ConsistencyCheck
    description: One consistency scan with its source paths validated.
    schema:
      properties:
        check:
          description: The charter check the scan evaluates, as the charter declares it.
        display_root:
          type: string
        exclude_glob:
          type: string
        include_glob:
          type: string
        path:
          type: string
        source_glob:
          type: string
        suite_id:
          type: string
      required:
        - suite_id
        - check
        - path
        - display_root
        - include_glob
        - exclude_glob
        - source_glob
      type: object
  - ref: builtin-types-spec-validation.GrepCheck
    description: One grep check lowered to a ripgrep query, path, and globs.
    schema:
      properties:
        check_id:
          type: string
        display_root:
          type: string
        exclude_glob:
          type: string
        include_glob:
          type: string
        kind:
          type: string
        message:
          type: string
        mode:
          type: string
        path:
          type: string
        patterns:
          items:
            type: string
          type: array
        query:
          type: string
        regex:
          type: boolean
        severity:
          type: string
        suite_id:
          type: string
      required:
        - suite_id
        - check_id
        - kind
        - severity
        - mode
        - patterns
        - regex
        - query
        - path
        - display_root
        - include_glob
        - exclude_glob
      type: object
  - ref: builtin-types-spec-validation.LoadedCorpus
    description: The corpus summary and the search plans load_corpus prepares.
    schema:
      properties:
        consistency_checks:
          items:
            $type: builtin-types-spec-validation.ConsistencyCheck
          type: array
        grep_checks:
          items:
            $type: builtin-types-spec-validation.GrepCheck
          type: array
        ref_checks:
          items:
            $type: builtin-types-spec-validation.RefCheck
          type: array
        summary:
          type: string
      required:
        - summary
        - grep_checks
        - ref_checks
        - consistency_checks
      type: object
  - ref: builtin-types-spec-validation.RefCheck
    description: One reference check lowered to a search plan and its allowed reference inventory.
    schema:
      properties:
        allow_missing:
          type: boolean
        allowed:
          items:
            type: string
          type: array
        check_id:
          type: string
        display_root:
          type: string
        exclude_glob:
          type: string
        group:
          type: integer
        include_glob:
          type: string
        kind:
          type: string
        message:
          type: string
        path:
          type: string
        query:
          type: string
        reference_dir:
          type: string
        reference_file:
          type: string
        reference_format:
          type: string
        severity:
          type: string
        suite_id:
          type: string
      required:
        - suite_id
        - check_id
        - kind
        - severity
        - path
        - display_root
        - include_glob
        - exclude_glob
        - query
        - group
        - allow_missing
        - allowed
        - reference_file
        - reference_dir
        - reference_format
      type: object
tools:
  - name: format_report
    type: builtin
    category: word
    description: Format the validation results as a human-readable report.
    problem: Format the validation results as a human-readable report.
    goals:
      - Format the validation results as a human-readable report.
    requirements:
      input:
        - format_report declares no input type
      output:
        - format_report takes its output as builtin-types-core.Text
      errors:
        - format_report emits CommandError when it cannot produce its declared output
    non_goals:
      - Behavior outside format_report, which its signature states in full
    output:
      description: Plain-text human-readable validation report.
      schema:
        type: string
    side_effects:
      - kind: stderr_write
        target: process_stderr
        description: Prints the human-readable validation report to stderr.
    reversibility:
      classification: reversible
    undo:
      strategy: noop
      description: format_report mutates nothing, so undo does nothing
    errors:
      - signal: ToolFailed
        condition: the validation finding set contains one or more error-level findings
        message_shape: <human-readable validation report>
        state_after_failure: the complete report is printed and returned
    init: format_report
    emits:
      - ToolDone
      - ToolFailed
    signature:
      output: builtin-types-core.Text
      emits:
        - ToolDone
        - ToolFailed
    visibility: internal
  - name: jurist_rg
    type: exec
    category: boundary
    description: ""
    output:
      schema:
        properties:
          exit_code:
            type: integer
          output:
            type: string
        required:
          - exit_code
          - output
        type: object
      mode: structured
    side_effects:
      - kind: child_process
        target: ripgrep
        state: read_only
    reversibility:
      classification: reversible
    undo:
      strategy: noop
      description: A ripgrep search changes nothing.
    binary: rg
    args:
      - --json
      - --line-number
      - --no-ignore
      - --hidden
      - --text
      - --threads
      - "1"
      - --sort
      - path
    emits:
      - ToolDone
      - ToolFailed
      - CommandError
    signature:
      output: builtin-types-core.ExecResult
      emits:
        - ToolDone
        - ToolFailed
        - CommandError
    parameters:
      properties:
        exclude_glob:
          flag: --glob
          position: 2
          source: $from(grep_check).exclude_glob
          type: string
        include_glob:
          flag: --glob
          position: 1
          source: $from(grep_check).include_glob
          type: string
        path:
          position: 4
          positional: true
          source: $from(grep_check).path
          type: string
        query:
          position: 3
          positional: true
          source: $from(grep_check).query
          type: string
      required:
        - query
        - path
      type: object
    visibility: internal
    output_cap: 1048576
  - name: load_corpus
    type: builtin
    category: stateful_internal
    description: Load the specification corpus from the project directory.
    problem: Load the specification corpus from the project directory.
    goals:
      - Load the specification corpus from the project directory.
    requirements:
      input:
        - load_corpus declares no input type
      output:
        - load_corpus takes its output as builtin-types-spec-validation.LoadedCorpus
      errors:
        - load_corpus emits CommandError when it cannot produce its declared output
    non_goals:
      - Behavior outside load_corpus, which its signature states in full
    output:
      description: Loaded corpus summary and the declared search plans consumed by the specification-critic machine.
      schema:
        properties:
          consistency_checks:
            items:
              properties:
                check:
                  description: The charter check the scan evaluates, as the charter declares it.
                display_root:
                  type: string
                exclude_glob:
                  type: string
                include_glob:
                  type: string
                path:
                  type: string
                source_glob:
                  type: string
                suite_id:
                  type: string
              required:
                - suite_id
                - check
                - path
                - display_root
                - include_glob
                - exclude_glob
                - source_glob
              type: object
            type: array
          grep_checks:
            items:
              properties:
                check_id:
                  type: string
                display_root:
                  type: string
                exclude_glob:
                  type: string
                include_glob:
                  type: string
                kind:
                  type: string
                message:
                  type: string
                mode:
                  type: string
                path:
                  type: string
                patterns:
                  items:
                    type: string
                  type: array
                query:
                  type: string
                regex:
                  type: boolean
                severity:
                  type: string
                suite_id:
                  type: string
              required:
                - suite_id
                - check_id
                - kind
                - severity
                - mode
                - patterns
                - regex
                - query
                - path
                - display_root
                - include_glob
                - exclude_glob
              type: object
            type: array
          ref_checks:
            items:
              properties:
                allow_missing:
                  type: boolean
                allowed:
                  items:
                    type: string
                  type: array
                check_id:
                  type: string
                display_root:
                  type: string
                exclude_glob:
                  type: string
                group:
                  type: integer
                include_glob:
                  type: string
                kind:
                  type: string
                message:
                  type: string
                path:
                  type: string
                query:
                  type: string
                reference_dir:
                  type: string
                reference_file:
                  type: string
                reference_format:
                  type: string
                severity:
                  type: string
                suite_id:
                  type: string
              required:
                - suite_id
                - check_id
                - kind
                - severity
                - path
                - display_root
                - include_glob
                - exclude_glob
                - query
                - group
                - allow_missing
                - allowed
                - reference_file
                - reference_dir
                - reference_format
              type: object
            type: array
          summary:
            type: string
        required:
          - summary
          - grep_checks
          - ref_checks
          - consistency_checks
        type: object
    side_effects:
      - kind: state_mutation
        target: validation_state
        state: corpus_loaded
        description: Loads specification documents into validation state.
    reversibility:
      classification: reversible
    undo:
      strategy: session_state_restore
      description: Restore validation state to the snapshot before loading the corpus.
    errors:
      - signal: CommandError
        condition: required input, configuration, or runtime state is invalid
        message_shape: 'load_corpus: <error>'
        state_after_failure: no additional workflow step is executed by this tool
    init: load_corpus
    config:
      suite_paths:
        - /opt/agent-core/tools/builtin/spec-validation/spec-corpus-charter.yaml
    emits:
      - ToolDone
      - CommandError
    signature:
      output: builtin-types-spec-validation.LoadedCorpus
      emits:
        - ToolDone
        - CommandError
    visibility: internal
  - name: reduce_grep_checks
    type: builtin
    category: stateful_internal
    description: Shape joined ripgrep events into deterministic jurist findings.
    problem: Shape joined ripgrep events into deterministic jurist findings.
    goals:
      - Shape joined ripgrep events into deterministic jurist findings.
    requirements:
      input:
        - reduce_grep_checks declares no input type
      output:
        - reduce_grep_checks declares no output type
      errors:
        - reduce_grep_checks emits CommandError when it cannot produce its declared output
    non_goals:
      - Behavior outside reduce_grep_checks, which its signature states in full
    output:
      description: Plain-text aggregate jurist finding and error count.
      schema:
        type: string
    side_effects:
      - kind: state_mutation
        target: validation_state
        state: grep_findings_recorded
        description: Appends reduced grep findings to validation state.
    reversibility:
      classification: reversible
    undo:
      strategy: session_state_restore
      description: Restore validation state to the snapshot before grep reduction.
    errors:
      - signal: CommandError
        condition: Joined rg output is malformed or reports an exit code above one.
        message_shape: 'reduce grep checks failed: <error>'
        state_after_failure: No additional workflow step is executed.
    init: reduce_grep_checks
    config:
      results_from: $from(grep_results).items
    emits:
      - ValidationPassed
      - ValidationFailed
      - CommandError
    signature:
      emits:
        - ValidationPassed
        - ValidationFailed
        - CommandError
    visibility: internal
  - name: validate_specs
    type: builtin
    category: stateful_internal
    description: Run consistency checks on the loaded specification corpus.
    problem: Run consistency checks on the loaded specification corpus.
    goals:
      - Run consistency checks on the loaded specification corpus.
    requirements:
      input:
        - validate_specs declares no input type
      output:
        - validate_specs declares no output type
      errors:
        - validate_specs emits CommandError when it cannot produce its declared output
    non_goals:
      - Behavior outside validate_specs, which its signature states in full
    output:
      description: Plain-text finding and error count summary.
      schema:
        type: string
    side_effects:
      - kind: state_mutation
        target: validation_state
        state: validation_results_recorded
        description: Records validation findings in validation state.
    reversibility:
      classification: reversible
    undo:
      strategy: session_state_restore
      description: Restore validation state to the snapshot before running checks.
    errors:
      - signal: CommandError
        condition: required input, configuration, or runtime state is invalid
        message_shape: 'validate_specs: <error>'
        state_after_failure: no additional workflow step is executed by this tool
    init: validate_specs
    emits:
      - ValidationPassed
      - ValidationFailed
      - CommandError
    signature:
      emits:
        - ValidationPassed
        - ValidationFailed
        - CommandError
    visibility: internal
rest: {}
files:
  - path: <agent-core>/testdata/integration/profiles/audit/machine.yaml
    sha256: b3f5f984d181b1b1e56a698f2684ef65acaf6110af21b6708b6789fc3f76655d
  - path: <agent-core>/testdata/integration/profiles/audit/profile.yaml
    sha256: 5f768ac09173a742653c01e974825ed3a302036b09828900674009996e848faa
  - path: <agent-core>/testdata/integration/profiles/audit/ripgrep.yaml
    sha256: c438f2f997fa0a03d896ad02bd99b1369b8df47fd9f37e8219a75e247b293814
  - path: <agent-core>/testdata/integration/profiles/audit/tools.yaml
    sha256: 8c0b951612e211648d44a1c451ee610710dd2ca5fa86e7a63cda5175a2b833ee
  - path: <agent-core>/tools/builtin/format-report.yaml
    sha256: cd04b785b59509a0a215d67a165efe4a509bfafd84fb048f111299c80335b295
    root: agent-core
  - path: <agent-core>/tools/builtin/load-corpus.yaml
    sha256: 868812463d63e62ad3ff99d0eab7ba17eeca17eb9377d6c5296cae292a39584b
    root: agent-core
  - path: <agent-core>/tools/builtin/spec-validation/reduce-grep-checks.yaml
    sha256: 25936bf6e651be24ad0780bdc68ce20eb4880fc87f566fb98ee66a3265086aad
    root: agent-core
  - path: <agent-core>/tools/builtin/spec-validation/test-evidence.yaml
    sha256: 83f8550ccb6d495fe50e7d11d45205c25329e06d0b018a5c5af8b7ed6f38ffcb
    root: agent-core
  - path: <agent-core>/tools/builtin/validate-specs.yaml
    sha256: b010cd10749b71c9631e85e16c89abff8ea1b023998319ba2b873302b3777c9f
    root: agent-core
  - path: <agent-core>/tools/units/types-core.yaml
    sha256: 0ed81677d3d2b86cf14fdba16967f44ab9335d75a46047759cd1532aa645436d
    root: agent-core
  - path: <agent-core>/tools/units/types-spec-validation.yaml
    sha256: 2519bf876e3047e71f09236f421f5c8800600ee459ff3e8ef91c06e0fe9d5ede
    root: agent-core
