dump_version: 1
profile:
  name: ollama-rest
  machine: <agent-core>/testdata/integration/profiles/ollama-rest/machine.yaml
  tools:
    - <agent-core>/testdata/integration/profiles/ollama-rest/tools.yaml
  tool_declarations:
    - <agent-core>/tools/builtin/parse-response.yaml
    - <agent-core>/tools/builtin/report-parse-error.yaml
    - <agent-core>/tools/builtin/done.yaml
    - <agent-core>/testdata/integration/profiles/ollama-rest/llm.yaml
    - <agent-core>/testdata/integration/profiles/ollama-rest/declarations.yaml
  rest_definitions:
    - <agent-core>/testdata/integration/profiles/ollama-rest/rest.yaml
machine:
  name: ollama-rest-model-listing
  purpose: List live local Ollama models through the configured REST tool.
  configuration:
    machine: machine.yaml
    tools: tools.yaml
  initial_state: Idle
  states:
    - name: Idle
      meaning: Initial state before the model receives the operator request.
    - name: Composing
      meaning: The Qwen boundary is deciding the next tool call or final answer.
    - name: Parsing
      meaning: The model response is being parsed into one tool request.
    - name: Succeeded
      meaning: Terminal. The model listed live Ollama models and produced a final answer.
      run_status: succeeded
    - name: Failed
      meaning: Terminal. The model or REST boundary failed.
      run_status: failed
    - name: BudgetExceeded
      meaning: Terminal. The loop exhausted its iteration or parse-error budget.
      run_status: budget_exceeded
  terminal_states:
    - Succeeded
    - Failed
    - BudgetExceeded
  signals:
    - name: Seed
      trigger: Loop initialization.
    - name: LLMResponded
      trigger: Qwen returned a response.
    - name: ToolDone
      trigger: The parser found a model-selected tool call.
    - name: ParseFailed
      trigger: The model response could not be parsed.
    - name: TaskCompleted
      trigger: The model called done with the final answer.
    - name: RESTResponded
      trigger: Ollama returned the configured successful model-listing response.
    - name: RESTDomainFailed
      trigger: Ollama returned a configured service-domain failure.
    - name: CommandError
      trigger: Runtime or REST boundary infrastructure failed.
    - name: BudgetExhausted
      trigger: Iteration or parse-error budget was exhausted.
  transitions:
    - state: Idle
      signal: Seed
      next: Composing
      action: invoke_llm
    - state: Composing
      signal: LLMResponded
      next: Parsing
      action: parse_response
    - state: Parsing
      signal: ToolDone
      next: Composing
      action: $tool
    - state: Parsing
      signal: TaskCompleted
      next: Succeeded
    - state: Parsing
      signal: ParseFailed
      next: Composing
      action: report_parse_error
    - state: Composing
      signal: ToolDone
      next: Composing
      action: invoke_llm
    - state: Composing
      signal: RESTResponded
      next: Composing
      action: invoke_llm
    - state: Composing
      signal: RESTDomainFailed
      next: Composing
      action: invoke_llm
    - state: Composing
      signal: CommandError
      next: Failed
    - state: Parsing
      signal: CommandError
      next: Failed
    - state: Composing
      signal: BudgetExhausted
      next: BudgetExceeded
  budget:
    max_iterations: 8
    command_timeout: 3m
    max_consecutive_parse_errors: 2
types:
  - ref: builtin-types-core.AnyValue
    description: Any JSON value accepted by the schema configured on the word.
    schema:
      description: The runtime value is any JSON value accepted by the configured schema.
  - ref: builtin-types-core.CommandSummary
    description: The message and outcome signal a command word publishes.
    schema:
      properties:
        message:
          type: string
        signal:
          type: string
      required:
        - message
      type: object
  - ref: builtin-types-core.ExecResult
    description: The exit status and captured output of one child process an exec word ran.
    schema:
      properties:
        exit_code:
          type: integer
        output:
          type: string
      required:
        - exit_code
        - output
      type: object
  - ref: builtin-types-core.NoParameters
    description: The empty parameter object of a word whose input arrives through config selectors.
    schema:
      properties: {}
      type: object
  - ref: builtin-types-core.Text
    description: Plain text a word publishes as its whole result.
    schema:
      type: string
instantiations:
  - kind: machine
    fragment: <agent-core>/tools/machines/ollama-model-listing-machine-template.yaml
    args:
      machine: machine.yaml
      tools: tools.yaml
    produces:
      - machine/ollama-rest-model-listing
tools:
  - name: done
    type: builtin
    category: word
    description: Signal that the generation task is complete.
    problem: Signal that the generation task is complete.
    goals:
      - Signal that the generation task is complete.
    requirements:
      input:
        - done declares no input type
      output:
        - done takes its output as builtin-types-core.CommandSummary
      errors:
        - done emits CommandError when it cannot produce its declared output
    non_goals:
      - Behavior outside done, which its signature states in full
    output:
      description: done command result summary.
      schema:
        properties:
          message:
            type: string
          signal:
            type: string
        required:
          - message
        type: object
    side_effects:
      - kind: none
        state: read_only
        description: done computes a value and mutates nothing
    reversibility:
      classification: reversible
    undo:
      strategy: noop
      description: done mutates nothing, so undo does nothing
    errors:
      - signal: CommandError
        condition: required input, configuration, or runtime state is invalid
        message_shape: 'done: <error>'
        state_after_failure: no additional workflow step is executed by this tool
    init: done
    emits:
      - TaskCompleted
    signature:
      output: builtin-types-core.CommandSummary
      emits:
        - TaskCompleted
    visibility: internal
  - name: invoke_llm
    type: builtin
    category: boundary
    description: Invoke the configured Ollama model for the live REST proof.
    problem: Invoke the configured Ollama model for the live REST proof.
    goals:
      - Invoke the configured Ollama model for the live REST proof.
    requirements:
      input:
        - invoke_llm declares no input type
      output:
        - invoke_llm declares no output type
      errors:
        - invoke_llm emits CommandError when it cannot produce its declared output
    non_goals:
      - Behavior outside invoke_llm, which its signature states in full
    output:
      description: Raw plain-text model response.
      schema:
        type: string
    side_effects:
      - kind: external_api_call
        target: llm_provider
      - kind: state_mutation
        target: conversation_history
        state: appended
    reversibility:
      classification: reversible
    undo:
      strategy: conversation_truncate
      requires:
        - conversation_checkpoint
    init: invoke_llm
    config:
      llm_timeout: 120
      manifest_state: Composing
      max_time: 120
      model: gemma4:31b-cloud
      provider: ollama
      provider_url: http://localhost:11434
      response_profile: gemma
      system_prompt: |
        You list local Ollama models by using the provided REST tool.

        Rules:
        - First call ollama_list_models. Do not answer from memory.
        - After the REST result returns, call done with a concise answer.
        - The final answer must include at least one exact model name from the REST body models array.
        - Do not mention model names that are not present in the REST result.
        - Use only these tools: ollama_list_models, done.

        Tool call format:
        [tool_call]
        {"tool":"ollama_list_models","parameters":{}}
        [/tool_call]

        Final answer format:
        [tool_call]
        {"tool":"done","parameters":{"summary":"Local Ollama models include: <names from REST result>."}}
        [/tool_call]
    emits:
      - LLMResponded
      - CommandError
    signature:
      emits:
        - LLMResponded
        - CommandError
    visibility: internal
  - name: ollama_list_models
    type: builtin
    category: boundary
    description: List local Ollama models through the configured REST client.
    problem: List local Ollama models through the configured REST client.
    goals:
      - List local Ollama models through the configured REST client.
    requirements:
      input:
        - ollama_list_models declares no input type
      output:
        - ollama_list_models declares no output type
      errors:
        - ollama_list_models emits CommandError when it cannot produce its declared output
    non_goals:
      - Behavior outside ollama_list_models, which its signature states in full
    init: rest_client_invoke
    config:
      operation: listOllamaModels
      rest_ref: ollama
    emits:
      - RESTResponded
      - RESTDomainFailed
      - CommandError
    signature:
      emits:
        - RESTResponded
        - RESTDomainFailed
        - CommandError
    parameters:
      additional_properties: false
      properties: {}
      type: object
  - name: parse_response
    type: builtin
    category: word
    contract: legacy
    description: Parse raw LLM output into a tool call or task-completed signal.
    problem: Parse raw LLM output into a tool call or task-completed signal.
    goals:
      - Parse raw LLM output into a tool call or task-completed signal.
    requirements:
      input:
        - parse_response declares no input type
      output:
        - parse_response takes its output as builtin-types-core.Text
      errors:
        - parse_response emits CommandError when it cannot produce its declared output
    non_goals:
      - Behavior outside parse_response, which its signature states in full
    output:
      description: Parsed tool-request JSON or a plain completion summary.
      schema:
        type: string
    side_effects:
      - kind: command_state
        description: Parses the prior command output and may reset the parse retry counter after a non-ParseFailed result.
    reversibility:
      classification: reversible
    undo:
      strategy: parse_retry_counter_restore
      description: Restores the parse retry counter snapshot captured before parsing.
    errors:
      - signal: CommandError
        condition: required input, configuration, or runtime state is invalid
        message_shape: 'parse_response: <error>'
        state_after_failure: no additional workflow step is executed by this tool
    init: parse_response
    config:
      manifest_state: Composing
    emits:
      - ToolDone
      - TaskCompleted
      - ParseFailed
      - CommandError
    signature:
      output: builtin-types-core.Text
      emits:
        - ToolDone
        - TaskCompleted
        - ParseFailed
        - CommandError
    visibility: internal
  - name: report_parse_error
    type: builtin
    category: word
    description: Report a parse error back to the LLM for correction.
    problem: Report a parse error back to the LLM for correction.
    goals:
      - Report a parse error back to the LLM for correction.
    requirements:
      input:
        - report_parse_error declares no input type
      output:
        - report_parse_error takes its output as builtin-types-core.Text
      errors:
        - report_parse_error emits CommandError when it cannot produce its declared output
    non_goals:
      - Behavior outside report_parse_error, which its signature states in full
    output:
      description: Plain-text feedback requesting a corrected model response.
      schema:
        type: string
    side_effects:
      - kind: command_state
        description: Increments the parse retry counter and emits BudgetExhausted when the configured retry limit is reached.
    reversibility:
      classification: reversible
    undo:
      strategy: parse_retry_counter_restore
      description: Restores the parse retry counter snapshot captured before reporting the parse error.
    errors:
      - signal: CommandError
        condition: required input, configuration, or runtime state is invalid
        message_shape: 'report_parse_error: <error>'
        state_after_failure: no additional workflow step is executed by this tool
    init: report_parse_error
    config:
      feedback_template: |-
        Your previous response was invalid. {{error}}

        Please respond with a single JSON object: {"tool": "<tool_name>", "parameters": {<params>}}
    emits:
      - ToolDone
      - BudgetExhausted
    signature:
      output: builtin-types-core.Text
      emits:
        - ToolDone
        - BudgetExhausted
    visibility: internal
rest:
  version: v1
  clients:
    ollama:
      base_url: http://127.0.0.1:11434
      auth_ref: none
      limits_ref: local_ollama
      operations:
        listOllamaModels:
          openapi_operation_id: listOllamaModels
          method: GET
          path: /api/tags
          success:
            status:
              - 200
              - 201
              - 202
              - 204
            signal: RESTResponded
          response:
            schema:
              properties:
                models:
                  items:
                    properties:
                      details:
                        type: object
                      digest:
                        type: string
                      model:
                        type: string
                      modified_at:
                        type: string
                      name:
                        type: string
                      size:
                        format: int64
                        type: integer
                    required:
                      - name
                    type: object
                  type: array
              required:
                - models
              type: object
          side_effects:
            - kind: external_api
              target: ollama.models
              state: read_only
          reversibility:
            classification: reversible
            undo: noop
  auth:
    none:
      type: none
  limits:
    local_ollama:
      timeout: 30s
      read_timeout: 30s
      max_request_bytes: 1024
      max_response_bytes: 1048576
      redirect:
        mode: none
      network:
        schemes:
          - http
        hosts:
          - 127.0.0.1
        ports:
          - 11434
files:
  - path: <agent-core>/testdata/integration/profiles/ollama-rest/declarations.yaml
    sha256: 46e4a19db54a38b5cd39ad84dc53ec0a9a3fabe0313f5b35b23e4596c1f18480
  - path: <agent-core>/testdata/integration/profiles/ollama-rest/llm.yaml
    sha256: 66f28ebcc72955c78b74c702618103dc4091b8808fa95c1f0a5b70ad1c64af6a
  - path: <agent-core>/testdata/integration/profiles/ollama-rest/machine.yaml
    sha256: a318d0dd7995ee96e2467d0dfbd73f1d42e3fe1bfc2017bb766c82d90287a791
  - path: <agent-core>/testdata/integration/profiles/ollama-rest/openapi.yaml
    sha256: 4fd398a63267be22bba1387ebf94b0a0d0d6cdcb02ff37b8aefa2fee4856b055
  - path: <agent-core>/testdata/integration/profiles/ollama-rest/profile.yaml
    sha256: bfe4ea3580753e0fff5d8a84da1246bb0a3cbf101acf5c65c1c87ab4066ebdaa
  - path: <agent-core>/testdata/integration/profiles/ollama-rest/rest.yaml
    sha256: f6f1c61fd61eaf2afc3c7c8267ed47641039796e92c7d3b39fb929d8bc4eded9
  - path: <agent-core>/testdata/integration/profiles/ollama-rest/tools.yaml
    sha256: 2f9d1b5d42f1a3cddf18ca157c3c07b9411e8c0d14c2ae0b264f253418688dc9
  - path: <agent-core>/tools/builtin/done.yaml
    sha256: 5038c9ba4f5d5c2ae656d3032f95e66fccd959198a7117b1b84ebef9d52e62fa
    root: agent-core
  - path: <agent-core>/tools/builtin/parse-response.yaml
    sha256: 03be4cf7edd69196be8ca5e0fd9e6bb7c83b18c685717a0e264a4cb53af1f6cb
    root: agent-core
  - path: <agent-core>/tools/builtin/report-parse-error.yaml
    sha256: 4ae9e92a5ce3e249a5278284ace687ecaf8ae95231ff20dd301aa37b7bce2408
    root: agent-core
  - path: <agent-core>/tools/machines/ollama-model-listing-machine-template.yaml
    sha256: 4e18d96284ec07945a5a8e46eecb3b0ae0b58c3f98b71b11678a2166a59489c3
    root: agent-core
  - path: <agent-core>/tools/units/types-core.yaml
    sha256: 0ed81677d3d2b86cf14fdba16967f44ab9335d75a46047759cd1532aa645436d
    root: agent-core
